// Jest Snapshot v1, https://goo.gl/fbAQLP

exports[`render correctly 1`] = `
<View
  style={
    {
      "flex": 1,
    }
  }
>
  <View
    style={
      {
        "margin": 2,
      }
    }
  >
    <Image
      source={1}
      style={
        {
          "height": 250,
          "width": "100%",
        }
      }
    />
    <Text
      style={
        {
          "backgroundColor": "black",
          "borderTopLeftRadius": 10,
          "borderTopRightRadius": 10,
          "bottom": 0,
          "color": "white",
          "fontSize": 20,
          "fontWeight": "bold",
          "opacity": 0.5,
          "padding": 8,
          "position": "absolute",
          "width": "100%",
        }
      }
    >
      En Uygun Fiyatlı Otobüs Biletleri Yolcudur Abbas da
    </Text>
  </View>
  <View
    style={
      {
        "flex": 1,
        "padding": 5,
      }
    }
  >
    <View
      style={
        {
          "alignItems": "center",
          "flexDirection": "row",
        }
      }
    >
      <View
        accessibilityLiveRegion="polite"
        accessibilityRole="radio"
        accessibilityState={
          {
            "checked": true,
            "disabled": false,
          }
        }
        accessible={true}
        focusable={true}
        onClick={[Function]}
        onResponderGrant={[Function]}
        onResponderMove={[Function]}
        onResponderRelease={[Function]}
        onResponderTerminate={[Function]}
        onResponderTerminationRequest={[Function]}
        onStartShouldSetResponder={[Function]}
        style={
          [
            {
              "overflow": "hidden",
            },
            {
              "borderRadius": 18,
              "padding": 6,
            },
          ]
        }
      >
        <View
          style={
            {
              "opacity": 1,
            }
          }
        >
          <Text />
        </View>
      </View>
      <Text>
        Tek Yön
      </Text>
      <View
        accessibilityLiveRegion="polite"
        accessibilityRole="radio"
        accessibilityState={
          {
            "checked": false,
            "disabled": false,
          }
        }
        accessible={true}
        focusable={true}
        onClick={[Function]}
        onResponderGrant={[Function]}
        onResponderMove={[Function]}
        onResponderRelease={[Function]}
        onResponderTerminate={[Function]}
        onResponderTerminationRequest={[Function]}
        onStartShouldSetResponder={[Function]}
        style={
          [
            {
              "overflow": "hidden",
            },
            {
              "borderRadius": 18,
              "padding": 6,
            },
          ]
        }
      >
        <View
          style={
            {
              "opacity": 0,
            }
          }
        >
          <Text />
        </View>
      </View>
      <Text>
        Gidiş Dönüş
      </Text>
    </View>
    <View
      style={
        {
          "alignItems": "center",
          "borderRadius": 10,
          "borderWidth": 1,
          "color": "black",
          "flexDirection": "row",
          "marginHorizontal": 5,
          "marginVertical": 5,
          "paddingStart": 15,
        }
      }
    >
      <Text />
      <View
        style={
          {
            "flex": 1,
          }
        }
      >
        <RNCPicker
          items={
            [
              {
                "label": "İstanbul",
                "testID": undefined,
                "textColor": undefined,
                "value": "istanbul",
              },
              {
                "label": "Ankara",
                "testID": undefined,
                "textColor": undefined,
                "value": "ankara",
              },
            ]
          }
          numberOfLines={1}
          onChange={[Function]}
          selectedIndex={0}
          style={
            [
              {
                "height": 216,
              },
              undefined,
            ]
          }
        />
      </View>
    </View>
    <View
      style={
        {
          "alignItems": "center",
          "borderRadius": 10,
          "borderWidth": 1,
          "color": "black",
          "flexDirection": "row",
          "marginHorizontal": 5,
          "marginVertical": 5,
          "paddingStart": 15,
        }
      }
    >
      <Text />
      <View
        style={
          {
            "flex": 1,
          }
        }
      >
        <RNCPicker
          items={
            [
              {
                "label": "Ankara",
                "testID": undefined,
                "textColor": undefined,
                "value": "ankara",
              },
              {
                "label": "İstanbul",
                "testID": undefined,
                "textColor": undefined,
                "value": "istanbul",
              },
            ]
          }
          numberOfLines={1}
          onChange={[Function]}
          selectedIndex={0}
          style={
            [
              {
                "height": 216,
              },
              undefined,
            ]
          }
        />
      </View>
    </View>
    <View
      accessible={true}
      collapsable={false}
      focusable={true}
      onBlur={[Function]}
      onClick={[Function]}
      onFocus={[Function]}
      onResponderGrant={[Function]}
      onResponderMove={[Function]}
      onResponderRelease={[Function]}
      onResponderTerminate={[Function]}
      onResponderTerminationRequest={[Function]}
      onStartShouldSetResponder={[Function]}
    >
      <View
        style={
          {
            "alignItems": "center",
            "borderRadius": 10,
            "borderWidth": 1,
            "color": "black",
            "flexDirection": "row",
            "marginHorizontal": 5,
            "marginVertical": 5,
            "padding": 16,
            "paddingStart": 15,
          }
        }
      >
        <Text />
        <Text>
          24.11.2022
        </Text>
      </View>
    </View>
    <View
      style={
        {
          "alignItems": "center",
          "borderRadius": 10,
          "borderWidth": 1,
          "color": "black",
          "flexDirection": "row",
          "marginHorizontal": 5,
          "marginVertical": 5,
          "paddingStart": 15,
        }
      }
    >
      <View
        style={
          {
            "flex": 1,
          }
        }
      >
        <RNCPicker
          items={
            [
              {
                "label": "Yetişkin",
                "testID": undefined,
                "textColor": undefined,
                "value": "yetiskin",
              },
              {
                "label": "Çocuk",
                "testID": undefined,
                "textColor": undefined,
                "value": "cocuk",
              },
            ]
          }
          numberOfLines={1}
          onChange={[Function]}
          selectedIndex={0}
          style={
            [
              {
                "height": 216,
              },
              undefined,
            ]
          }
        />
      </View>
    </View>
  </View>
  <View
    accessible={true}
    collapsable={false}
    focusable={true}
    onBlur={[Function]}
    onClick={[Function]}
    onFocus={[Function]}
    onResponderGrant={[Function]}
    onResponderMove={[Function]}
    onResponderRelease={[Function]}
    onResponderTerminate={[Function]}
    onResponderTerminationRequest={[Function]}
    onStartShouldSetResponder={[Function]}
    style={
      {
        "alignItems": "center",
        "backgroundColor": "#f9a825",
        "borderRadius": 15,
        "marginHorizontal": 10,
        "marginVertical": 10,
        "padding": 10,
      }
    }
    testID="buttonNavigate"
  >
    <Text
      style={
        {
          "color": "white",
          "fontSize": 18,
          "fontWeight": "bold",
        }
      }
    >
      Seferleri Göster
    </Text>
  </View>
</View>
`;
