// Jest Snapshot v1, https://goo.gl/fbAQLP

exports[`render correctly 1`] = `
<View
  style={
    {
      "flex": 1,
    }
  }
>
  <View
    style={
      {
        "alignItems": "center",
        "flex": 1,
      }
    }
  >
    <View
      style={
        {
          "marginHorizontal": 8,
          "marginVertical": 10,
        }
      }
    >
      <Text
        style={
          {
            "justifyContent": "center",
          }
        }
      >
        <Text />
        Çiftli koltuklar ailelere ayrılmıştır. Yanınıza yabancı bir yolcunun oturmasını istemiyorsanız tekli koltukları tercih ediniz.
      </Text>
    </View>
    <View
      style={
        {
          "borderWidth": 1,
          "height": "85%",
          "padding": 10,
          "width": "80%",
        }
      }
    >
      <Text />
      <View
        style={
          {
            "flexDirection": "row",
          }
        }
      >
        <RCTScrollView
          data={
            [
              {
                "empty": true,
                "gender": "",
                "id": "1",
                "selected": false,
              },
              {
                "empty": false,
                "gender": "woman",
                "id": "4",
                "selected": true,
              },
              {
                "empty": true,
                "gender": "",
                "id": "7",
                "selected": false,
              },
              {
                "empty": true,
                "gender": "",
                "id": "10",
                "selected": false,
              },
              {
                "empty": true,
                "gender": "",
                "id": "13",
                "selected": false,
              },
              {
                "empty": true,
                "gender": "",
                "id": "16",
                "selected": false,
              },
              {
                "empty": true,
                "gender": "",
                "id": "19",
                "selected": false,
              },
            ]
          }
          getItem={[Function]}
          getItemCount={[Function]}
          keyExtractor={[Function]}
          onContentSizeChange={[Function]}
          onLayout={[Function]}
          onMomentumScrollBegin={[Function]}
          onMomentumScrollEnd={[Function]}
          onScroll={[Function]}
          onScrollBeginDrag={[Function]}
          onScrollEndDrag={[Function]}
          removeClippedSubviews={false}
          renderItem={[Function]}
          scrollEnabled={false}
          scrollEventThrottle={50}
          stickyHeaderIndices={[]}
          style={
            {
              "width": 0,
            }
          }
          viewabilityConfigCallbackPairs={[]}
        >
          <View>
            <View
              onLayout={[Function]}
              style={null}
            >
              <View
                accessibilityState={
                  {
                    "disabled": false,
                  }
                }
                accessible={true}
                collapsable={false}
                focusable={true}
                onClick={[Function]}
                onResponderGrant={[Function]}
                onResponderMove={[Function]}
                onResponderRelease={[Function]}
                onResponderTerminate={[Function]}
                onResponderTerminationRequest={[Function]}
                onStartShouldSetResponder={[Function]}
                style={
                  {
                    "opacity": 1,
                  }
                }
              >
                <View
                  style={
                    {
                      "alignItems": "center",
                      "borderRadius": 8,
                      "borderWidth": 1,
                      "height": 60,
                      "margin": 5,
                      "width": 60,
                    }
                  }
                >
                  <Text />
                  <Text
                    style={
                      {
                        "backgroundColor": "lightgrey",
                        "borderRadius": 8,
                        "borderWidth": 1,
                        "bottom": -1,
                        "fontWeight": "500",
                        "textAlign": "center",
                        "width": "100%",
                      }
                    }
                  >
                    1
                  </Text>
                </View>
              </View>
            </View>
            <View
              onLayout={[Function]}
              style={null}
            >
              <View
                accessibilityState={
                  {
                    "disabled": true,
                  }
                }
                accessible={true}
                collapsable={false}
                focusable={true}
                onClick={[Function]}
                onResponderGrant={[Function]}
                onResponderMove={[Function]}
                onResponderRelease={[Function]}
                onResponderTerminate={[Function]}
                onResponderTerminationRequest={[Function]}
                onStartShouldSetResponder={[Function]}
                style={
                  {
                    "opacity": 1,
                  }
                }
              >
                <View
                  style={
                    {
                      "alignItems": "center",
                      "borderRadius": 8,
                      "borderWidth": 1,
                      "height": 60,
                      "margin": 5,
                      "width": 60,
                    }
                  }
                >
                  <Text />
                  <Text
                    style={
                      {
                        "backgroundColor": "#863A6F",
                        "borderRadius": 8,
                        "borderWidth": 1,
                        "bottom": -1,
                        "fontWeight": "500",
                        "textAlign": "center",
                        "width": "100%",
                      }
                    }
                  >
                    4
                  </Text>
                </View>
              </View>
            </View>
            <View
              onLayout={[Function]}
              style={null}
            >
              <View
                accessibilityState={
                  {
                    "disabled": false,
                  }
                }
                accessible={true}
                collapsable={false}
                focusable={true}
                onClick={[Function]}
                onResponderGrant={[Function]}
                onResponderMove={[Function]}
                onResponderRelease={[Function]}
                onResponderTerminate={[Function]}
                onResponderTerminationRequest={[Function]}
                onStartShouldSetResponder={[Function]}
                style={
                  {
                    "opacity": 1,
                  }
                }
              >
                <View
                  style={
                    {
                      "alignItems": "center",
                      "borderRadius": 8,
                      "borderWidth": 1,
                      "height": 60,
                      "margin": 5,
                      "width": 60,
                    }
                  }
                >
                  <Text />
                  <Text
                    style={
                      {
                        "backgroundColor": "lightgrey",
                        "borderRadius": 8,
                        "borderWidth": 1,
                        "bottom": -1,
                        "fontWeight": "500",
                        "textAlign": "center",
                        "width": "100%",
                      }
                    }
                  >
                    7
                  </Text>
                </View>
              </View>
            </View>
            <View
              onLayout={[Function]}
              style={null}
            >
              <View
                accessibilityState={
                  {
                    "disabled": false,
                  }
                }
                accessible={true}
                collapsable={false}
                focusable={true}
                onClick={[Function]}
                onResponderGrant={[Function]}
                onResponderMove={[Function]}
                onResponderRelease={[Function]}
                onResponderTerminate={[Function]}
                onResponderTerminationRequest={[Function]}
                onStartShouldSetResponder={[Function]}
                style={
                  {
                    "opacity": 1,
                  }
                }
              >
                <View
                  style={
                    {
                      "alignItems": "center",
                      "borderRadius": 8,
                      "borderWidth": 1,
                      "height": 60,
                      "margin": 5,
                      "width": 60,
                    }
                  }
                >
                  <Text />
                  <Text
                    style={
                      {
                        "backgroundColor": "lightgrey",
                        "borderRadius": 8,
                        "borderWidth": 1,
                        "bottom": -1,
                        "fontWeight": "500",
                        "textAlign": "center",
                        "width": "100%",
                      }
                    }
                  >
                    10
                  </Text>
                </View>
              </View>
            </View>
            <View
              onLayout={[Function]}
              style={null}
            >
              <View
                accessibilityState={
                  {
                    "disabled": false,
                  }
                }
                accessible={true}
                collapsable={false}
                focusable={true}
                onClick={[Function]}
                onResponderGrant={[Function]}
                onResponderMove={[Function]}
                onResponderRelease={[Function]}
                onResponderTerminate={[Function]}
                onResponderTerminationRequest={[Function]}
                onStartShouldSetResponder={[Function]}
                style={
                  {
                    "opacity": 1,
                  }
                }
              >
                <View
                  style={
                    {
                      "alignItems": "center",
                      "borderRadius": 8,
                      "borderWidth": 1,
                      "height": 60,
                      "margin": 5,
                      "width": 60,
                    }
                  }
                >
                  <Text />
                  <Text
                    style={
                      {
                        "backgroundColor": "lightgrey",
                        "borderRadius": 8,
                        "borderWidth": 1,
                        "bottom": -1,
                        "fontWeight": "500",
                        "textAlign": "center",
                        "width": "100%",
                      }
                    }
                  >
                    13
                  </Text>
                </View>
              </View>
            </View>
            <View
              onLayout={[Function]}
              style={null}
            >
              <View
                accessibilityState={
                  {
                    "disabled": false,
                  }
                }
                accessible={true}
                collapsable={false}
                focusable={true}
                onClick={[Function]}
                onResponderGrant={[Function]}
                onResponderMove={[Function]}
                onResponderRelease={[Function]}
                onResponderTerminate={[Function]}
                onResponderTerminationRequest={[Function]}
                onStartShouldSetResponder={[Function]}
                style={
                  {
                    "opacity": 1,
                  }
                }
              >
                <View
                  style={
                    {
                      "alignItems": "center",
                      "borderRadius": 8,
                      "borderWidth": 1,
                      "height": 60,
                      "margin": 5,
                      "width": 60,
                    }
                  }
                >
                  <Text />
                  <Text
                    style={
                      {
                        "backgroundColor": "lightgrey",
                        "borderRadius": 8,
                        "borderWidth": 1,
                        "bottom": -1,
                        "fontWeight": "500",
                        "textAlign": "center",
                        "width": "100%",
                      }
                    }
                  >
                    16
                  </Text>
                </View>
              </View>
            </View>
            <View
              onLayout={[Function]}
              style={null}
            >
              <View
                accessibilityState={
                  {
                    "disabled": false,
                  }
                }
                accessible={true}
                collapsable={false}
                focusable={true}
                onClick={[Function]}
                onResponderGrant={[Function]}
                onResponderMove={[Function]}
                onResponderRelease={[Function]}
                onResponderTerminate={[Function]}
                onResponderTerminationRequest={[Function]}
                onStartShouldSetResponder={[Function]}
                style={
                  {
                    "opacity": 1,
                  }
                }
              >
                <View
                  style={
                    {
                      "alignItems": "center",
                      "borderRadius": 8,
                      "borderWidth": 1,
                      "height": 60,
                      "margin": 5,
                      "width": 60,
                    }
                  }
                >
                  <Text />
                  <Text
                    style={
                      {
                        "backgroundColor": "lightgrey",
                        "borderRadius": 8,
                        "borderWidth": 1,
                        "bottom": -1,
                        "fontWeight": "500",
                        "textAlign": "center",
                        "width": "100%",
                      }
                    }
                  >
                    19
                  </Text>
                </View>
              </View>
            </View>
          </View>
        </RCTScrollView>
        <View
          style={
            {
              "flex": 1,
            }
          }
        />
        <RCTScrollView
          data={
            [
              {
                "empty": false,
                "gender": "man",
                "id": "2",
                "selected": true,
              },
              {
                "empty": false,
                "gender": "woman",
                "id": "3",
                "selected": true,
              },
              {
                "empty": true,
                "gender": "",
                "id": "5",
                "selected": false,
              },
              {
                "empty": true,
                "gender": "",
                "id": "6",
                "selected": false,
              },
              {
                "empty": true,
                "gender": "",
                "id": "8",
                "selected": false,
              },
              {
                "empty": true,
                "gender": "",
                "id": "9",
                "selected": false,
              },
              {
                "empty": true,
                "gender": "",
                "id": "11",
                "selected": false,
              },
              {
                "empty": false,
                "gender": "man",
                "id": "12",
                "selected": true,
              },
              {
                "empty": true,
                "gender": "",
                "id": "14",
                "selected": false,
              },
              {
                "empty": true,
                "gender": "",
                "id": "15",
                "selected": false,
              },
              {
                "empty": true,
                "gender": "",
                "id": "17",
                "selected": false,
              },
              {
                "empty": true,
                "gender": "",
                "id": "18",
                "selected": false,
              },
              {
                "empty": true,
                "gender": "",
                "id": "20",
                "selected": false,
              },
              {
                "empty": true,
                "gender": "",
                "id": "21",
                "selected": false,
              },
            ]
          }
          getItem={[Function]}
          getItemCount={[Function]}
          keyExtractor={[Function]}
          onContentSizeChange={[Function]}
          onLayout={[Function]}
          onMomentumScrollBegin={[Function]}
          onMomentumScrollEnd={[Function]}
          onScroll={[Function]}
          onScrollBeginDrag={[Function]}
          onScrollEndDrag={[Function]}
          removeClippedSubviews={false}
          renderItem={[Function]}
          scrollEnabled={false}
          scrollEventThrottle={50}
          stickyHeaderIndices={[]}
          style={
            {
              "width": 60,
            }
          }
          viewabilityConfigCallbackPairs={[]}
        >
          <View>
            <View
              onLayout={[Function]}
              style={null}
            >
              <View
                style={
                  {
                    "flexDirection": "row",
                  }
                }
              >
                <View
                  accessibilityState={
                    {
                      "disabled": true,
                    }
                  }
                  accessible={true}
                  collapsable={false}
                  focusable={true}
                  onClick={[Function]}
                  onResponderGrant={[Function]}
                  onResponderMove={[Function]}
                  onResponderRelease={[Function]}
                  onResponderTerminate={[Function]}
                  onResponderTerminationRequest={[Function]}
                  onStartShouldSetResponder={[Function]}
                  style={
                    {
                      "opacity": 1,
                    }
                  }
                >
                  <View
                    style={
                      {
                        "alignItems": "center",
                        "borderRadius": 8,
                        "borderWidth": 1,
                        "height": 60,
                        "margin": 5,
                        "width": 60,
                      }
                    }
                  >
                    <Text />
                    <Text
                      style={
                        {
                          "backgroundColor": "#3A8891",
                          "borderRadius": 8,
                          "borderWidth": 1,
                          "bottom": -1,
                          "fontWeight": "500",
                          "textAlign": "center",
                          "width": "100%",
                        }
                      }
                    >
                      2
                    </Text>
                  </View>
                </View>
                <View
                  accessibilityState={
                    {
                      "disabled": true,
                    }
                  }
                  accessible={true}
                  collapsable={false}
                  focusable={true}
                  onClick={[Function]}
                  onResponderGrant={[Function]}
                  onResponderMove={[Function]}
                  onResponderRelease={[Function]}
                  onResponderTerminate={[Function]}
                  onResponderTerminationRequest={[Function]}
                  onStartShouldSetResponder={[Function]}
                  style={
                    {
                      "opacity": 1,
                    }
                  }
                >
                  <View
                    style={
                      {
                        "alignItems": "center",
                        "borderRadius": 8,
                        "borderWidth": 1,
                        "height": 60,
                        "margin": 5,
                        "width": 60,
                      }
                    }
                  >
                    <Text />
                    <Text
                      style={
                        {
                          "backgroundColor": "#863A6F",
                          "borderRadius": 8,
                          "borderWidth": 1,
                          "bottom": -1,
                          "fontWeight": "500",
                          "textAlign": "center",
                          "width": "100%",
                        }
                      }
                    >
                      3
                    </Text>
                  </View>
                </View>
              </View>
            </View>
            <View
              onLayout={[Function]}
              style={null}
            >
              <View
                style={
                  {
                    "flexDirection": "row",
                  }
                }
              >
                <View
                  accessibilityState={
                    {
                      "disabled": false,
                    }
                  }
                  accessible={true}
                  collapsable={false}
                  focusable={true}
                  onClick={[Function]}
                  onResponderGrant={[Function]}
                  onResponderMove={[Function]}
                  onResponderRelease={[Function]}
                  onResponderTerminate={[Function]}
                  onResponderTerminationRequest={[Function]}
                  onStartShouldSetResponder={[Function]}
                  style={
                    {
                      "opacity": 1,
                    }
                  }
                >
                  <View
                    style={
                      {
                        "alignItems": "center",
                        "borderRadius": 8,
                        "borderWidth": 1,
                        "height": 60,
                        "margin": 5,
                        "width": 60,
                      }
                    }
                  >
                    <Text />
                    <Text
                      style={
                        {
                          "backgroundColor": "lightgrey",
                          "borderRadius": 8,
                          "borderWidth": 1,
                          "bottom": -1,
                          "fontWeight": "500",
                          "textAlign": "center",
                          "width": "100%",
                        }
                      }
                    >
                      5
                    </Text>
                  </View>
                </View>
                <View
                  accessibilityState={
                    {
                      "disabled": false,
                    }
                  }
                  accessible={true}
                  collapsable={false}
                  focusable={true}
                  onClick={[Function]}
                  onResponderGrant={[Function]}
                  onResponderMove={[Function]}
                  onResponderRelease={[Function]}
                  onResponderTerminate={[Function]}
                  onResponderTerminationRequest={[Function]}
                  onStartShouldSetResponder={[Function]}
                  style={
                    {
                      "opacity": 1,
                    }
                  }
                >
                  <View
                    style={
                      {
                        "alignItems": "center",
                        "borderRadius": 8,
                        "borderWidth": 1,
                        "height": 60,
                        "margin": 5,
                        "width": 60,
                      }
                    }
                  >
                    <Text />
                    <Text
                      style={
                        {
                          "backgroundColor": "lightgrey",
                          "borderRadius": 8,
                          "borderWidth": 1,
                          "bottom": -1,
                          "fontWeight": "500",
                          "textAlign": "center",
                          "width": "100%",
                        }
                      }
                    >
                      6
                    </Text>
                  </View>
                </View>
              </View>
            </View>
            <View
              onLayout={[Function]}
              style={null}
            >
              <View
                style={
                  {
                    "flexDirection": "row",
                  }
                }
              >
                <View
                  accessibilityState={
                    {
                      "disabled": false,
                    }
                  }
                  accessible={true}
                  collapsable={false}
                  focusable={true}
                  onClick={[Function]}
                  onResponderGrant={[Function]}
                  onResponderMove={[Function]}
                  onResponderRelease={[Function]}
                  onResponderTerminate={[Function]}
                  onResponderTerminationRequest={[Function]}
                  onStartShouldSetResponder={[Function]}
                  style={
                    {
                      "opacity": 1,
                    }
                  }
                >
                  <View
                    style={
                      {
                        "alignItems": "center",
                        "borderRadius": 8,
                        "borderWidth": 1,
                        "height": 60,
                        "margin": 5,
                        "width": 60,
                      }
                    }
                  >
                    <Text />
                    <Text
                      style={
                        {
                          "backgroundColor": "lightgrey",
                          "borderRadius": 8,
                          "borderWidth": 1,
                          "bottom": -1,
                          "fontWeight": "500",
                          "textAlign": "center",
                          "width": "100%",
                        }
                      }
                    >
                      8
                    </Text>
                  </View>
                </View>
                <View
                  accessibilityState={
                    {
                      "disabled": false,
                    }
                  }
                  accessible={true}
                  collapsable={false}
                  focusable={true}
                  onClick={[Function]}
                  onResponderGrant={[Function]}
                  onResponderMove={[Function]}
                  onResponderRelease={[Function]}
                  onResponderTerminate={[Function]}
                  onResponderTerminationRequest={[Function]}
                  onStartShouldSetResponder={[Function]}
                  style={
                    {
                      "opacity": 1,
                    }
                  }
                >
                  <View
                    style={
                      {
                        "alignItems": "center",
                        "borderRadius": 8,
                        "borderWidth": 1,
                        "height": 60,
                        "margin": 5,
                        "width": 60,
                      }
                    }
                  >
                    <Text />
                    <Text
                      style={
                        {
                          "backgroundColor": "lightgrey",
                          "borderRadius": 8,
                          "borderWidth": 1,
                          "bottom": -1,
                          "fontWeight": "500",
                          "textAlign": "center",
                          "width": "100%",
                        }
                      }
                    >
                      9
                    </Text>
                  </View>
                </View>
              </View>
            </View>
            <View
              onLayout={[Function]}
              style={null}
            >
              <View
                style={
                  {
                    "flexDirection": "row",
                  }
                }
              >
                <View
                  accessibilityState={
                    {
                      "disabled": false,
                    }
                  }
                  accessible={true}
                  collapsable={false}
                  focusable={true}
                  onClick={[Function]}
                  onResponderGrant={[Function]}
                  onResponderMove={[Function]}
                  onResponderRelease={[Function]}
                  onResponderTerminate={[Function]}
                  onResponderTerminationRequest={[Function]}
                  onStartShouldSetResponder={[Function]}
                  style={
                    {
                      "opacity": 1,
                    }
                  }
                >
                  <View
                    style={
                      {
                        "alignItems": "center",
                        "borderRadius": 8,
                        "borderWidth": 1,
                        "height": 60,
                        "margin": 5,
                        "width": 60,
                      }
                    }
                  >
                    <Text />
                    <Text
                      style={
                        {
                          "backgroundColor": "lightgrey",
                          "borderRadius": 8,
                          "borderWidth": 1,
                          "bottom": -1,
                          "fontWeight": "500",
                          "textAlign": "center",
                          "width": "100%",
                        }
                      }
                    >
                      11
                    </Text>
                  </View>
                </View>
                <View
                  accessibilityState={
                    {
                      "disabled": true,
                    }
                  }
                  accessible={true}
                  collapsable={false}
                  focusable={true}
                  onClick={[Function]}
                  onResponderGrant={[Function]}
                  onResponderMove={[Function]}
                  onResponderRelease={[Function]}
                  onResponderTerminate={[Function]}
                  onResponderTerminationRequest={[Function]}
                  onStartShouldSetResponder={[Function]}
                  style={
                    {
                      "opacity": 1,
                    }
                  }
                >
                  <View
                    style={
                      {
                        "alignItems": "center",
                        "borderRadius": 8,
                        "borderWidth": 1,
                        "height": 60,
                        "margin": 5,
                        "width": 60,
                      }
                    }
                  >
                    <Text />
                    <Text
                      style={
                        {
                          "backgroundColor": "#3A8891",
                          "borderRadius": 8,
                          "borderWidth": 1,
                          "bottom": -1,
                          "fontWeight": "500",
                          "textAlign": "center",
                          "width": "100%",
                        }
                      }
                    >
                      12
                    </Text>
                  </View>
                </View>
              </View>
            </View>
            <View
              onLayout={[Function]}
              style={null}
            >
              <View
                style={
                  {
                    "flexDirection": "row",
                  }
                }
              >
                <View
                  accessibilityState={
                    {
                      "disabled": false,
                    }
                  }
                  accessible={true}
                  collapsable={false}
                  focusable={true}
                  onClick={[Function]}
                  onResponderGrant={[Function]}
                  onResponderMove={[Function]}
                  onResponderRelease={[Function]}
                  onResponderTerminate={[Function]}
                  onResponderTerminationRequest={[Function]}
                  onStartShouldSetResponder={[Function]}
                  style={
                    {
                      "opacity": 1,
                    }
                  }
                >
                  <View
                    style={
                      {
                        "alignItems": "center",
                        "borderRadius": 8,
                        "borderWidth": 1,
                        "height": 60,
                        "margin": 5,
                        "width": 60,
                      }
                    }
                  >
                    <Text />
                    <Text
                      style={
                        {
                          "backgroundColor": "lightgrey",
                          "borderRadius": 8,
                          "borderWidth": 1,
                          "bottom": -1,
                          "fontWeight": "500",
                          "textAlign": "center",
                          "width": "100%",
                        }
                      }
                    >
                      14
                    </Text>
                  </View>
                </View>
                <View
                  accessibilityState={
                    {
                      "disabled": false,
                    }
                  }
                  accessible={true}
                  collapsable={false}
                  focusable={true}
                  onClick={[Function]}
                  onResponderGrant={[Function]}
                  onResponderMove={[Function]}
                  onResponderRelease={[Function]}
                  onResponderTerminate={[Function]}
                  onResponderTerminationRequest={[Function]}
                  onStartShouldSetResponder={[Function]}
                  style={
                    {
                      "opacity": 1,
                    }
                  }
                >
                  <View
                    style={
                      {
                        "alignItems": "center",
                        "borderRadius": 8,
                        "borderWidth": 1,
                        "height": 60,
                        "margin": 5,
                        "width": 60,
                      }
                    }
                  >
                    <Text />
                    <Text
                      style={
                        {
                          "backgroundColor": "lightgrey",
                          "borderRadius": 8,
                          "borderWidth": 1,
                          "bottom": -1,
                          "fontWeight": "500",
                          "textAlign": "center",
                          "width": "100%",
                        }
                      }
                    >
                      15
                    </Text>
                  </View>
                </View>
              </View>
            </View>
            <View
              onLayout={[Function]}
              style={null}
            >
              <View
                style={
                  {
                    "flexDirection": "row",
                  }
                }
              >
                <View
                  accessibilityState={
                    {
                      "disabled": false,
                    }
                  }
                  accessible={true}
                  collapsable={false}
                  focusable={true}
                  onClick={[Function]}
                  onResponderGrant={[Function]}
                  onResponderMove={[Function]}
                  onResponderRelease={[Function]}
                  onResponderTerminate={[Function]}
                  onResponderTerminationRequest={[Function]}
                  onStartShouldSetResponder={[Function]}
                  style={
                    {
                      "opacity": 1,
                    }
                  }
                >
                  <View
                    style={
                      {
                        "alignItems": "center",
                        "borderRadius": 8,
                        "borderWidth": 1,
                        "height": 60,
                        "margin": 5,
                        "width": 60,
                      }
                    }
                  >
                    <Text />
                    <Text
                      style={
                        {
                          "backgroundColor": "lightgrey",
                          "borderRadius": 8,
                          "borderWidth": 1,
                          "bottom": -1,
                          "fontWeight": "500",
                          "textAlign": "center",
                          "width": "100%",
                        }
                      }
                    >
                      17
                    </Text>
                  </View>
                </View>
                <View
                  accessibilityState={
                    {
                      "disabled": false,
                    }
                  }
                  accessible={true}
                  collapsable={false}
                  focusable={true}
                  onClick={[Function]}
                  onResponderGrant={[Function]}
                  onResponderMove={[Function]}
                  onResponderRelease={[Function]}
                  onResponderTerminate={[Function]}
                  onResponderTerminationRequest={[Function]}
                  onStartShouldSetResponder={[Function]}
                  style={
                    {
                      "opacity": 1,
                    }
                  }
                >
                  <View
                    style={
                      {
                        "alignItems": "center",
                        "borderRadius": 8,
                        "borderWidth": 1,
                        "height": 60,
                        "margin": 5,
                        "width": 60,
                      }
                    }
                  >
                    <Text />
                    <Text
                      style={
                        {
                          "backgroundColor": "lightgrey",
                          "borderRadius": 8,
                          "borderWidth": 1,
                          "bottom": -1,
                          "fontWeight": "500",
                          "textAlign": "center",
                          "width": "100%",
                        }
                      }
                    >
                      18
                    </Text>
                  </View>
                </View>
              </View>
            </View>
            <View
              onLayout={[Function]}
              style={null}
            >
              <View
                style={
                  {
                    "flexDirection": "row",
                  }
                }
              >
                <View
                  accessibilityState={
                    {
                      "disabled": false,
                    }
                  }
                  accessible={true}
                  collapsable={false}
                  focusable={true}
                  onClick={[Function]}
                  onResponderGrant={[Function]}
                  onResponderMove={[Function]}
                  onResponderRelease={[Function]}
                  onResponderTerminate={[Function]}
                  onResponderTerminationRequest={[Function]}
                  onStartShouldSetResponder={[Function]}
                  style={
                    {
                      "opacity": 1,
                    }
                  }
                >
                  <View
                    style={
                      {
                        "alignItems": "center",
                        "borderRadius": 8,
                        "borderWidth": 1,
                        "height": 60,
                        "margin": 5,
                        "width": 60,
                      }
                    }
                  >
                    <Text />
                    <Text
                      style={
                        {
                          "backgroundColor": "lightgrey",
                          "borderRadius": 8,
                          "borderWidth": 1,
                          "bottom": -1,
                          "fontWeight": "500",
                          "textAlign": "center",
                          "width": "100%",
                        }
                      }
                    >
                      20
                    </Text>
                  </View>
                </View>
                <View
                  accessibilityState={
                    {
                      "disabled": false,
                    }
                  }
                  accessible={true}
                  collapsable={false}
                  focusable={true}
                  onClick={[Function]}
                  onResponderGrant={[Function]}
                  onResponderMove={[Function]}
                  onResponderRelease={[Function]}
                  onResponderTerminate={[Function]}
                  onResponderTerminationRequest={[Function]}
                  onStartShouldSetResponder={[Function]}
                  style={
                    {
                      "opacity": 1,
                    }
                  }
                >
                  <View
                    style={
                      {
                        "alignItems": "center",
                        "borderRadius": 8,
                        "borderWidth": 1,
                        "height": 60,
                        "margin": 5,
                        "width": 60,
                      }
                    }
                  >
                    <Text />
                    <Text
                      style={
                        {
                          "backgroundColor": "lightgrey",
                          "borderRadius": 8,
                          "borderWidth": 1,
                          "bottom": -1,
                          "fontWeight": "500",
                          "textAlign": "center",
                          "width": "100%",
                        }
                      }
                    >
                      21
                    </Text>
                  </View>
                </View>
              </View>
            </View>
          </View>
        </RCTScrollView>
      </View>
    </View>
    <Modal
      animationType="fade"
      hardwareAccelerated={false}
      onRequestClose={[Function]}
      transparent={true}
      visible={false}
    />
  </View>
  <View
    accessible={true}
    collapsable={false}
    focusable={true}
    onBlur={[Function]}
    onClick={[Function]}
    onFocus={[Function]}
    onResponderGrant={[Function]}
    onResponderMove={[Function]}
    onResponderRelease={[Function]}
    onResponderTerminate={[Function]}
    onResponderTerminationRequest={[Function]}
    onStartShouldSetResponder={[Function]}
    style={
      {
        "alignItems": "center",
        "backgroundColor": "#f9a825",
        "borderRadius": 15,
        "marginHorizontal": 10,
        "marginVertical": 10,
        "padding": 10,
      }
    }
  >
    <Text
      style={
        {
          "color": "white",
          "fontSize": 18,
          "fontWeight": "bold",
        }
      }
    >
      Tamamla
    </Text>
  </View>
</View>
`;
